{"dataset": "german", "mech": "mst", "eps": 1.0, "seed": 1, "useful": 0.8517, "useful_before": 0.6225, "useful_3model": 0.8551, "pair_tvd": 0.1751, "proved": 1.0, "secs": 18.8}
{"dataset": "german", "mech": "mst", "eps": 8.0, "seed": 1, "useful": 0.9587, "useful_before": 0.8569, "useful_3model": 0.906, "pair_tvd": 0.1225, "proved": 7.9996, "secs": 4.2}
{"dataset": "german", "mech": "aim", "eps": 1.0, "seed": 1, "useful": 0.9913, "useful_before": 0.6092, "useful_3model": 0.9332, "pair_tvd": 0.1485, "proved": 1.0, "secs": 194.3}
{"dataset": "german", "mech": "aim", "eps": 8.0, "seed": 1, "useful": 0.9795, "useful_before": 0.7827, "useful_3model": 0.9638, "pair_tvd": 0.1247, "proved": 7.9996, "secs": 238.2}
{"dataset": "wine", "mech": "mst", "eps": 1.0, "seed": 1, "useful": 0.8275, "useful_before": 0.8626, "useful_3model": 0.8692, "pair_tvd": 0.3013, "proved": 1.0, "secs": 20.5}
{"dataset": "wine", "mech": "mst", "eps": 8.0, "seed": 1, "useful": 0.8483, "useful_before": 0.8767, "useful_3model": 0.8702, "pair_tvd": 0.2761, "proved": 7.9996, "secs": 4.0}
{"dataset": "wine", "mech": "aim", "eps": 1.0, "seed": 1, "useful": 0.8731, "useful_before": 0.6324, "useful_3model": 0.8804, "pair_tvd": 0.3016, "proved": 1.0, "secs": 346.8}
{"dataset": "wine", "mech": "aim", "eps": 8.0, "seed": 1, "useful": 0.9229, "useful_before": 0.6625, "useful_3model": 0.9434, "pair_tvd": 0.2766, "proved": 7.9996, "secs": 377.0}
{"dataset": "bcw", "mech": "mst", "eps": 1.0, "seed": 1, "useful": 0.9273, "useful_before": 0.716, "useful_3model": 0.9059, "pair_tvd": 0.4021, "proved": 1.0, "secs": 16.6}
{"dataset": "bcw", "mech": "mst", "eps": 8.0, "seed": 1, "useful": 0.9679, "useful_before": 0.9286, "useful_3model": 0.9491, "pair_tvd": 0.2924, "proved": 7.9996, "secs": 3.6}
{"dataset": "bcw", "mech": "aim", "eps": 1.0, "seed": 1, "useful": 0.9818, "useful_before": 0.5852, "useful_3model": 0.9797, "pair_tvd": 0.3584, "proved": 1.0, "secs": 259.7}
{"dataset": "bcw", "mech": "aim", "eps": 8.0, "seed": 1, "useful": 0.9964, "useful_before": 0.5861, "useful_3model": 0.9868, "pair_tvd": 0.291, "proved": 7.9996, "secs": 291.6}
{"dataset": "mushroom", "mech": "mst", "eps": 1.0, "seed": 1, "useful": 0.9835, "useful_before": 0.9214, "useful_3model": 0.9885, "pair_tvd": 0.064, "proved": 1.0, "secs": 18.3}
{"dataset": "mushroom", "mech": "mst", "eps": 8.0, "seed": 1, "useful": 0.9844, "useful_before": 0.9854, "useful_3model": 0.9886, "pair_tvd": 0.0549, "proved": 7.9996, "secs": 3.5}
{"dataset": "mushroom", "mech": "aim", "eps": 1.0, "seed": 1, "useful": 0.9885, "useful_before": 0.9155, "useful_3model": 0.9886, "pair_tvd": 0.0531, "proved": 1.0, "secs": 166.0}
{"dataset": "mushroom", "mech": "aim", "eps": 8.0, "seed": 1, "useful": 0.9852, "useful_before": 0.9841, "useful_3model": 0.989, "pair_tvd": 0.0417, "proved": 7.9996, "secs": 184.7}
{"dataset": "nursery", "mech": "mst", "eps": 1.0, "seed": 1, "useful": 0.7471, "useful_before": 0.6642, "useful_3model": 0.7677, "pair_tvd": 0.0159, "proved": 1.0, "secs": 13.5}
{"dataset": "nursery", "mech": "mst", "eps": 8.0, "seed": 1, "useful": 0.7238, "useful_before": 0.737, "useful_3model": 0.7331, "pair_tvd": 0.0149, "proved": 7.9996, "secs": 2.2}
{"dataset": "nursery", "mech": "aim", "eps": 1.0, "seed": 1, "useful": 0.7961, "useful_before": 0.6736, "useful_3model": 0.7871, "pair_tvd": 0.0128, "proved": 1.0, "secs": 140.4}
{"dataset": "nursery", "mech": "aim", "eps": 8.0, "seed": 1, "useful": 0.8108, "useful_before": 0.7337, "useful_3model": 0.8166, "pair_tvd": 0.0094, "proved": 7.9996, "secs": 146.2}
{"dataset": "diabetes", "mech": "mst", "eps": 1.0, "seed": 1, "useful": 0.9841, "useful_before": 0.9724, "useful_3model": 0.9947, "pair_tvd": 0.0931, "proved": 1.0, "secs": 20.1}
{"dataset": "diabetes", "mech": "mst", "eps": 8.0, "seed": 1, "useful": 0.9833, "useful_before": 0.9802, "useful_3model": 0.9944, "pair_tvd": 0.0926, "proved": 7.9996, "secs": 2.2}
{"dataset": "diabetes", "mech": "aim", "eps": 1.0, "seed": 1, "useful": 0.9887, "useful_before": 0.9699, "useful_3model": 0.9962, "pair_tvd": 0.092, "proved": 1.0, "secs": 218.5}
{"dataset": "diabetes", "mech": "aim", "eps": 8.0, "seed": 1, "useful": 0.9854, "useful_before": 0.9701, "useful_3model": 0.9951, "pair_tvd": 0.0921, "proved": 7.9996, "secs": 251.1}
{"dataset": "texas", "mech": "mst", "eps": 1.0, "seed": 1, "useful": 0.9404, "useful_before": 0.9376, "useful_3model": 0.9155, "pair_tvd": 0.1627, "proved": 1.0, "secs": 22.3}
{"dataset": "texas", "mech": "mst", "eps": 8.0, "seed": 1, "useful": 0.9351, "useful_before": 0.9412, "useful_3model": 0.9271, "pair_tvd": 0.1622, "proved": 7.9996, "secs": 2.3}
{"dataset": "texas", "mech": "aim", "eps": 1.0, "seed": 1, "useful": 1.0026, "useful_before": 0.9744, "useful_3model": 0.9991, "pair_tvd": 0.1528, "proved": 1.0, "secs": 232.8}
{"dataset": "texas", "mech": "aim", "eps": 8.0, "seed": 1, "useful": 1.004, "useful_before": 0.9396, "useful_3model": 1.0, "pair_tvd": 0.1517, "proved": 7.9996, "secs": 272.2}
{"dataset": "fire", "mech": "mst", "eps": 1.0, "seed": 1, "useful": 0.9806, "useful_before": 0.9663, "useful_3model": 0.9892, "pair_tvd": 0.0313, "proved": 1.0, "secs": 27.0}
{"dataset": "fire", "mech": "mst", "eps": 8.0, "seed": 1, "useful": 0.9831, "useful_before": 0.9608, "useful_3model": 0.9924, "pair_tvd": 0.031, "proved": 7.9996, "secs": 5.0}
{"dataset": "fire", "mech": "aim", "eps": 1.0, "seed": 1, "useful": 0.9888, "useful_before": 0.6669, "useful_3model": 0.9951, "pair_tvd": 0.0426, "proved": 1.0, "secs": 243.0}
{"dataset": "fire", "mech": "aim", "eps": 8.0, "seed": 1, "useful": 0.9859, "useful_before": 0.6685, "useful_3model": 0.994, "pair_tvd": 0.0423, "proved": 7.9996, "secs": 254.9}
{"dataset": "bank", "mech": "mst", "eps": 1.0, "seed": 1, "useful": 0.801, "useful_before": 0.893, "useful_3model": 0.7804, "pair_tvd": 0.2615, "proved": 1.0, "secs": 29.2}
{"dataset": "bank", "mech": "mst", "eps": 8.0, "seed": 1, "useful": 0.8226, "useful_before": 0.8698, "useful_3model": 0.7876, "pair_tvd": 0.2612, "proved": 7.9996, "secs": 5.8}
{"dataset": "bank", "mech": "aim", "eps": 1.0, "seed": 1, "useful": 0.9964, "useful_before": 0.8737, "useful_3model": 0.9952, "pair_tvd": 0.2553, "proved": 1.0, "secs": 574.1}
{"dataset": "bank", "mech": "aim", "eps": 8.0, "seed": 1, "useful": 0.9828, "useful_before": 0.8455, "useful_3model": 0.987, "pair_tvd": 0.2543, "proved": 7.9996, "secs": 560.3}
{"dataset": "adult", "mech": "mst", "eps": 1.0, "seed": 1, "useful": 0.8271, "useful_before": 0.8367, "useful_3model": 0.8113, "pair_tvd": 0.0975, "proved": 1.0, "secs": 29.8}
{"dataset": "adult", "mech": "mst", "eps": 8.0, "seed": 1, "useful": 0.8919, "useful_before": 0.8003, "useful_3model": 0.8355, "pair_tvd": 0.0954, "proved": 7.9996, "secs": 2.1}
{"dataset": "adult", "mech": "aim", "eps": 1.0, "seed": 1, "useful": 0.9701, "useful_before": 0.7423, "useful_3model": 0.9691, "pair_tvd": 0.0884, "proved": 1.0, "secs": 467.8}
{"dataset": "adult", "mech": "aim", "eps": 8.0, "seed": 1, "useful": 0.9233, "useful_before": 0.695, "useful_3model": 0.9399, "pair_tvd": 0.0832, "proved": 7.9996, "secs": 449.7}
{"dataset": "acs", "mech": "mst", "eps": 1.0, "seed": 1, "useful": 0.9509, "useful_before": 0.8788, "useful_3model": 0.9531, "pair_tvd": 0.1487, "proved": 1.0, "secs": 29.5}
{"dataset": "acs", "mech": "mst", "eps": 8.0, "seed": 1, "useful": 0.9459, "useful_before": 0.8913, "useful_3model": 0.9506, "pair_tvd": 0.1485, "proved": 7.9996, "secs": 4.6}
{"dataset": "acs", "mech": "aim", "eps": 1.0, "seed": 1, "useful": 0.9965, "useful_before": 0.6702, "useful_3model": 0.9921, "pair_tvd": 0.1399, "proved": 1.0, "secs": 362.9}
{"dataset": "acs", "mech": "aim", "eps": 8.0, "seed": 1, "useful": 0.9956, "useful_before": 0.6292, "useful_3model": 0.9914, "pair_tvd": 0.14, "proved": 7.9996, "secs": 374.8}
