{"dataset": "german", "mech": "independent", "eps": 1.0, "seed": 0, "useful": 0.6973, "useful_before": 0.6252, "useful_3model": 0.6693, "pair_tvd": 0.1648, "proved": 1.0, "secs": 0.0}
{"dataset": "german", "mech": "independent", "eps": 8.0, "seed": 0, "useful": 0.7127, "useful_before": 0.7601, "useful_3model": 0.6536, "pair_tvd": 0.1495, "proved": 7.9995, "secs": 0.0}
{"dataset": "german", "mech": "pairwise", "eps": 1.0, "seed": 0, "useful": 0.8389, "useful_before": 0.631, "useful_3model": 0.7905, "pair_tvd": 0.2175, "proved": 1.0, "secs": 0.0}
{"dataset": "german", "mech": "pairwise", "eps": 8.0, "seed": 0, "useful": 0.749, "useful_before": 0.7683, "useful_3model": 0.7432, "pair_tvd": 0.1368, "proved": 7.9995, "secs": 0.0}
{"dataset": "german", "mech": "mst", "eps": 1.0, "seed": 0, "useful": 0.7192, "useful_before": 0.6225, "useful_3model": 0.6958, "pair_tvd": 0.1722, "proved": 1.0, "secs": 8.8}
{"dataset": "german", "mech": "mst", "eps": 8.0, "seed": 0, "useful": 0.9077, "useful_before": 0.8569, "useful_3model": 0.8678, "pair_tvd": 0.118, "proved": 7.9996, "secs": 2.4}
{"dataset": "german", "mech": "aim", "eps": 1.0, "seed": 0, "useful": 0.9393, "useful_before": 0.6092, "useful_3model": 0.9047, "pair_tvd": 0.1423, "proved": 1.0, "secs": 74.7}
{"dataset": "german", "mech": "aim", "eps": 8.0, "seed": 0, "useful": 0.9322, "useful_before": 0.7827, "useful_3model": 0.9438, "pair_tvd": 0.1089, "proved": 7.9996, "secs": 73.9}
{"dataset": "wine", "mech": "independent", "eps": 1.0, "seed": 0, "useful": 0.6052, "useful_before": 0.6179, "useful_3model": 0.5787, "pair_tvd": 0.3042, "proved": 1.0, "secs": 0.0}
{"dataset": "wine", "mech": "independent", "eps": 8.0, "seed": 0, "useful": 0.5952, "useful_before": 0.6114, "useful_3model": 0.5666, "pair_tvd": 0.2924, "proved": 7.9996, "secs": 0.0}
{"dataset": "wine", "mech": "pairwise", "eps": 1.0, "seed": 0, "useful": 0.832, "useful_before": 0.8721, "useful_3model": 0.885, "pair_tvd": 0.4062, "proved": 1.0, "secs": 0.0}
{"dataset": "wine", "mech": "pairwise", "eps": 8.0, "seed": 0, "useful": 0.8666, "useful_before": 0.8362, "useful_3model": 0.8775, "pair_tvd": 0.3101, "proved": 7.9996, "secs": 0.0}
{"dataset": "wine", "mech": "mst", "eps": 1.0, "seed": 0, "useful": 0.8445, "useful_before": 0.8626, "useful_3model": 0.8655, "pair_tvd": 0.3129, "proved": 1.0, "secs": 10.1}
{"dataset": "wine", "mech": "mst", "eps": 8.0, "seed": 0, "useful": 0.8947, "useful_before": 0.8767, "useful_3model": 0.8936, "pair_tvd": 0.2818, "proved": 7.9996, "secs": 2.1}
{"dataset": "wine", "mech": "aim", "eps": 1.0, "seed": 0, "useful": 0.9284, "useful_before": 0.6324, "useful_3model": 0.9299, "pair_tvd": 0.3004, "proved": 1.0, "secs": 178.1}
{"dataset": "wine", "mech": "aim", "eps": 8.0, "seed": 0, "useful": 0.9066, "useful_before": 0.6625, "useful_3model": 0.9341, "pair_tvd": 0.282, "proved": 7.9996, "secs": 179.7}
{"dataset": "bcw", "mech": "independent", "eps": 1.0, "seed": 0, "useful": 0.4084, "useful_before": 0.5528, "useful_3model": 0.4123, "pair_tvd": 0.405, "proved": 1.0, "secs": 0.1}
{"dataset": "bcw", "mech": "independent", "eps": 8.0, "seed": 0, "useful": 0.4772, "useful_before": 0.5165, "useful_3model": 0.4429, "pair_tvd": 0.3834, "proved": 7.9999, "secs": 0.0}
{"dataset": "bcw", "mech": "pairwise", "eps": 1.0, "seed": 0, "useful": 0.3802, "useful_before": 0.469, "useful_3model": 0.3537, "pair_tvd": 0.5481, "proved": 1.0, "secs": 0.0}
{"dataset": "bcw", "mech": "pairwise", "eps": 8.0, "seed": 0, "useful": 0.5263, "useful_before": 0.5952, "useful_3model": 0.5083, "pair_tvd": 0.376, "proved": 7.9999, "secs": 0.0}
{"dataset": "bcw", "mech": "mst", "eps": 1.0, "seed": 0, "useful": 0.9125, "useful_before": 0.716, "useful_3model": 0.9164, "pair_tvd": 0.4212, "proved": 1.0, "secs": 9.4}
{"dataset": "bcw", "mech": "mst", "eps": 8.0, "seed": 0, "useful": 0.9125, "useful_before": 0.9286, "useful_3model": 0.8947, "pair_tvd": 0.289, "proved": 7.9996, "secs": 2.0}
{"dataset": "bcw", "mech": "aim", "eps": 1.0, "seed": 0, "useful": 0.9318, "useful_before": 0.5852, "useful_3model": 0.9326, "pair_tvd": 0.3536, "proved": 1.0, "secs": 142.3}
{"dataset": "bcw", "mech": "aim", "eps": 8.0, "seed": 0, "useful": 0.9343, "useful_before": 0.5861, "useful_3model": 0.9538, "pair_tvd": 0.2962, "proved": 7.9996, "secs": 152.3}
{"dataset": "mushroom", "mech": "independent", "eps": 1.0, "seed": 0, "useful": 0.5332, "useful_before": 0.5052, "useful_3model": 0.5491, "pair_tvd": 0.1717, "proved": 1.0, "secs": 0.0}
{"dataset": "mushroom", "mech": "independent", "eps": 8.0, "seed": 0, "useful": 0.5315, "useful_before": 0.528, "useful_3model": 0.5295, "pair_tvd": 0.1707, "proved": 7.9996, "secs": 0.1}
{"dataset": "mushroom", "mech": "pairwise", "eps": 1.0, "seed": 0, "useful": 0.5487, "useful_before": 0.51, "useful_3model": 0.5722, "pair_tvd": 0.1501, "proved": 1.0, "secs": 0.1}
{"dataset": "mushroom", "mech": "pairwise", "eps": 8.0, "seed": 0, "useful": 0.5191, "useful_before": 0.5124, "useful_3model": 0.5461, "pair_tvd": 0.1444, "proved": 7.9996, "secs": 0.1}
{"dataset": "mushroom", "mech": "mst", "eps": 1.0, "seed": 0, "useful": 0.9844, "useful_before": 0.9214, "useful_3model": 0.9872, "pair_tvd": 0.0679, "proved": 1.0, "secs": 13.6}
{"dataset": "mushroom", "mech": "mst", "eps": 8.0, "seed": 0, "useful": 0.9844, "useful_before": 0.9854, "useful_3model": 0.987, "pair_tvd": 0.0561, "proved": 7.9996, "secs": 2.5}
{"dataset": "mushroom", "mech": "aim", "eps": 1.0, "seed": 0, "useful": 0.9716, "useful_before": 0.9155, "useful_3model": 0.9735, "pair_tvd": 0.0521, "proved": 1.0, "secs": 82.7}
{"dataset": "mushroom", "mech": "aim", "eps": 8.0, "seed": 0, "useful": 0.9864, "useful_before": 0.9841, "useful_3model": 0.9905, "pair_tvd": 0.0403, "proved": 7.9996, "secs": 112.0}
{"dataset": "nursery", "mech": "independent", "eps": 1.0, "seed": 0, "useful": 0.2516, "useful_before": 0.2705, "useful_3model": 0.2415, "pair_tvd": 0.0387, "proved": 1.0, "secs": 0.0}
{"dataset": "nursery", "mech": "independent", "eps": 8.0, "seed": 0, "useful": 0.2589, "useful_before": 0.2653, "useful_3model": 0.251, "pair_tvd": 0.0381, "proved": 7.9996, "secs": 0.0}
{"dataset": "nursery", "mech": "pairwise", "eps": 1.0, "seed": 0, "useful": 0.5469, "useful_before": 0.543, "useful_3model": 0.5611, "pair_tvd": 0.0259, "proved": 1.0, "secs": 0.1}
{"dataset": "nursery", "mech": "pairwise", "eps": 8.0, "seed": 0, "useful": 0.5297, "useful_before": 0.564, "useful_3model": 0.5515, "pair_tvd": 0.0253, "proved": 7.9996, "secs": 0.2}
{"dataset": "nursery", "mech": "mst", "eps": 1.0, "seed": 0, "useful": 0.738, "useful_before": 0.6642, "useful_3model": 0.7623, "pair_tvd": 0.0175, "proved": 1.0, "secs": 8.8}
{"dataset": "nursery", "mech": "mst", "eps": 8.0, "seed": 0, "useful": 0.7201, "useful_before": 0.737, "useful_3model": 0.7368, "pair_tvd": 0.0165, "proved": 7.9996, "secs": 0.4}
{"dataset": "nursery", "mech": "aim", "eps": 1.0, "seed": 0, "useful": 0.7969, "useful_before": 0.6736, "useful_3model": 0.8091, "pair_tvd": 0.0125, "proved": 1.0, "secs": 92.8}
{"dataset": "nursery", "mech": "aim", "eps": 8.0, "seed": 0, "useful": 0.8229, "useful_before": 0.7337, "useful_3model": 0.8314, "pair_tvd": 0.0096, "proved": 7.9996, "secs": 30.4}
{"dataset": "bank", "mech": "independent", "eps": 1.0, "seed": 0, "useful": 0.769, "useful_before": 0.7583, "useful_3model": 0.7685, "pair_tvd": 0.2998, "proved": 1.0, "secs": 0.1}
{"dataset": "bank", "mech": "independent", "eps": 8.0, "seed": 0, "useful": 0.7682, "useful_before": 0.7735, "useful_3model": 0.7682, "pair_tvd": 0.2997, "proved": 7.9993, "secs": 0.1}
{"dataset": "bank", "mech": "pairwise", "eps": 1.0, "seed": 0, "useful": 0.9547, "useful_before": 0.9001, "useful_3model": 0.9884, "pair_tvd": 0.2735, "proved": 1.0, "secs": 0.2}
{"dataset": "bank", "mech": "pairwise", "eps": 8.0, "seed": 0, "useful": 0.9499, "useful_before": 0.8569, "useful_3model": 0.9925, "pair_tvd": 0.2717, "proved": 7.9993, "secs": 0.3}
{"dataset": "bank", "mech": "mst", "eps": 1.0, "seed": 0, "useful": 0.8528, "useful_before": 0.893, "useful_3model": 0.7964, "pair_tvd": 0.2611, "proved": 1.0, "secs": 20.6}
{"dataset": "bank", "mech": "mst", "eps": 8.0, "seed": 0, "useful": 0.7737, "useful_before": 0.8698, "useful_3model": 0.77, "pair_tvd": 0.2605, "proved": 7.9996, "secs": 3.2}
{"dataset": "bank", "mech": "aim", "eps": 1.0, "seed": 0, "useful": 0.9699, "useful_before": 0.8737, "useful_3model": 0.9926, "pair_tvd": 0.2548, "proved": 1.0, "secs": 505.3}
{"dataset": "bank", "mech": "aim", "eps": 8.0, "seed": 0, "useful": 0.9735, "useful_before": 0.8455, "useful_3model": 0.9832, "pair_tvd": 0.2538, "proved": 7.9996, "secs": 534.5}
{"dataset": "diabetes", "mech": "independent", "eps": 1.0, "seed": 0, "useful": 0.9841, "useful_before": 0.9743, "useful_3model": 0.9947, "pair_tvd": 0.1146, "proved": 1.0, "secs": 0.1}
{"dataset": "diabetes", "mech": "independent", "eps": 8.0, "seed": 0, "useful": 0.986, "useful_before": 0.9741, "useful_3model": 0.9953, "pair_tvd": 0.1146, "proved": 7.9995, "secs": 0.1}
{"dataset": "diabetes", "mech": "pairwise", "eps": 1.0, "seed": 0, "useful": 1.0008, "useful_before": 0.9724, "useful_3model": 1.0003, "pair_tvd": 0.0955, "proved": 1.0, "secs": 0.3}
{"dataset": "diabetes", "mech": "pairwise", "eps": 8.0, "seed": 0, "useful": 0.9833, "useful_before": 0.9698, "useful_3model": 0.9944, "pair_tvd": 0.0955, "proved": 7.9995, "secs": 0.3}
{"dataset": "diabetes", "mech": "mst", "eps": 1.0, "seed": 0, "useful": 0.984, "useful_before": 0.9724, "useful_3model": 0.9947, "pair_tvd": 0.0922, "proved": 1.0, "secs": 33.4}
{"dataset": "diabetes", "mech": "mst", "eps": 8.0, "seed": 0, "useful": 0.9909, "useful_before": 0.9802, "useful_3model": 0.997, "pair_tvd": 0.0922, "proved": 7.9996, "secs": 2.7}
{"dataset": "diabetes", "mech": "aim", "eps": 1.0, "seed": 0, "useful": 0.9827, "useful_before": 0.9699, "useful_3model": 0.9942, "pair_tvd": 0.0925, "proved": 1.0, "secs": 277.6}
{"dataset": "diabetes", "mech": "aim", "eps": 8.0, "seed": 0, "useful": 0.9819, "useful_before": 0.9701, "useful_3model": 0.994, "pair_tvd": 0.0921, "proved": 7.9996, "secs": 102.9}
{"dataset": "adult", "mech": "independent", "eps": 1.0, "seed": 0, "useful": 0.7034, "useful_before": 0.6036, "useful_3model": 0.5908, "pair_tvd": 0.142, "proved": 1.0, "secs": 0.1}
{"dataset": "adult", "mech": "independent", "eps": 8.0, "seed": 0, "useful": 0.5465, "useful_before": 0.7062, "useful_3model": 0.5369, "pair_tvd": 0.1418, "proved": 7.9996, "secs": 0.1}
{"dataset": "adult", "mech": "pairwise", "eps": 1.0, "seed": 0, "useful": 0.6196, "useful_before": 0.6362, "useful_3model": 0.5612, "pair_tvd": 0.1314, "proved": 1.0, "secs": 0.1}
{"dataset": "adult", "mech": "pairwise", "eps": 8.0, "seed": 0, "useful": 0.5964, "useful_before": 0.6241, "useful_3model": 0.5534, "pair_tvd": 0.128, "proved": 7.9996, "secs": 0.2}
{"dataset": "adult", "mech": "mst", "eps": 1.0, "seed": 0, "useful": 0.8248, "useful_before": 0.8367, "useful_3model": 0.7611, "pair_tvd": 0.0978, "proved": 1.0, "secs": 33.3}
{"dataset": "adult", "mech": "mst", "eps": 8.0, "seed": 0, "useful": 0.8385, "useful_before": 0.8003, "useful_3model": 0.8041, "pair_tvd": 0.0962, "proved": 7.9996, "secs": 3.3}
{"dataset": "adult", "mech": "aim", "eps": 1.0, "seed": 0, "useful": 0.9653, "useful_before": 0.7423, "useful_3model": 0.9664, "pair_tvd": 0.0891, "proved": 1.0, "secs": 553.5}
{"dataset": "adult", "mech": "aim", "eps": 8.0, "seed": 0, "useful": 0.9428, "useful_before": 0.695, "useful_3model": 0.9481, "pair_tvd": 0.0837, "proved": 7.9996, "secs": 224.0}
{"dataset": "texas", "mech": "independent", "eps": 1.0, "seed": 0, "useful": 0.5608, "useful_before": 0.5625, "useful_3model": 0.5365, "pair_tvd": 0.2305, "proved": 1.0, "secs": 0.1}
{"dataset": "texas", "mech": "independent", "eps": 8.0, "seed": 0, "useful": 0.5526, "useful_before": 0.5592, "useful_3model": 0.5337, "pair_tvd": 0.2306, "proved": 7.9995, "secs": 0.1}
{"dataset": "texas", "mech": "pairwise", "eps": 1.0, "seed": 0, "useful": 0.6647, "useful_before": 0.6746, "useful_3model": 0.637, "pair_tvd": 0.2072, "proved": 1.0, "secs": 0.2}
{"dataset": "texas", "mech": "pairwise", "eps": 8.0, "seed": 0, "useful": 0.6807, "useful_before": 0.6763, "useful_3model": 0.6473, "pair_tvd": 0.207, "proved": 7.9995, "secs": 0.2}
{"dataset": "texas", "mech": "mst", "eps": 1.0, "seed": 0, "useful": 0.942, "useful_before": 0.9376, "useful_3model": 0.9183, "pair_tvd": 0.1618, "proved": 1.0, "secs": 17.9}
{"dataset": "texas", "mech": "mst", "eps": 8.0, "seed": 0, "useful": 0.9413, "useful_before": 0.9412, "useful_3model": 0.9132, "pair_tvd": 0.1614, "proved": 7.9996, "secs": 1.1}
{"dataset": "texas", "mech": "aim", "eps": 1.0, "seed": 0, "useful": 1.0022, "useful_before": 0.9744, "useful_3model": 0.9994, "pair_tvd": 0.1522, "proved": 1.0, "secs": 153.0}
{"dataset": "texas", "mech": "aim", "eps": 8.0, "seed": 0, "useful": 1.0065, "useful_before": 0.9396, "useful_3model": 1.0004, "pair_tvd": 0.1511, "proved": 7.9996, "secs": 160.9}
{"dataset": "acs", "mech": "independent", "eps": 1.0, "seed": 0, "useful": 0.6029, "useful_before": 0.6382, "useful_3model": 0.5074, "pair_tvd": 0.2066, "proved": 1.0, "secs": 0.2}
{"dataset": "acs", "mech": "independent", "eps": 8.0, "seed": 0, "useful": 0.6093, "useful_before": 0.6392, "useful_3model": 0.5096, "pair_tvd": 0.2066, "proved": 7.9999, "secs": 0.2}
{"dataset": "acs", "mech": "pairwise", "eps": 1.0, "seed": 0, "useful": 0.6331, "useful_before": 0.6189, "useful_3model": 0.5199, "pair_tvd": 0.1819, "proved": 1.0, "secs": 0.7}
{"dataset": "acs", "mech": "pairwise", "eps": 8.0, "seed": 0, "useful": 0.6519, "useful_before": 0.659, "useful_3model": 0.531, "pair_tvd": 0.182, "proved": 7.9999, "secs": 0.7}
{"dataset": "acs", "mech": "mst", "eps": 1.0, "seed": 0, "useful": 0.9514, "useful_before": 0.8788, "useful_3model": 0.9544, "pair_tvd": 0.1488, "proved": 1.0, "secs": 32.4}
{"dataset": "acs", "mech": "mst", "eps": 8.0, "seed": 0, "useful": 0.9494, "useful_before": 0.8913, "useful_3model": 0.9537, "pair_tvd": 0.1486, "proved": 7.9996, "secs": 2.5}
Traceback (most recent call last):
MemoryError: bad allocation
Traceback (most recent call last):
MemoryError: bad allocation
